
> @ivisfit/frontend-app@1.0.0 build
> next build

   ▲ Next.js 15.5.18
   - Environments: .env
   - Experiments (use with caution):
     ✓ viewTransition
     · optimizePackageImports

   Creating an optimized production build ...
 ✓ (pwa) Compiling for server...
 ✓ (pwa) Compiling for server...
 ✓ (pwa) Compiling for client (static)...
 ○ (pwa) Service worker: C:\Users\Gastu\Desktop\Desarrollos Activos\ivisApp\apps\frontend-app\public\sw.js
 ○ (pwa)   URL: /sw.js
 ○ (pwa)   Scope: /
 ○ (pwa) This app will fallback to these precached routes when fetching from the cache and the network fails:
 ○ (pwa)   Documents (pages): /offline
 ✓ Compiled successfully in 61s
   Linting and checking validity of types ...
   Collecting page data ...
   Generating static pages (0/38) ...
   Generating static pages (9/38) 
   Generating static pages (18/38) 
   Generating static pages (28/38) 
MongoDB conectado
 ✓ Generating static pages (38/38)
   Finalizing page optimization ...
   Collecting build traces ...

Route (app)                                 Size  First Load JS  Revalidate  Expire
┌ ○ /                                      198 B         251 kB          5m      1y
├ ○ /_not-found                            998 B         120 kB
├ ƒ /[slug]                                197 B         198 kB
├ ○ /admisiones                            162 B         119 kB
├ ○ /agenda                              4.21 kB         160 kB
├ ○ /ajustes                             4.96 kB         157 kB
├ ○ /alimentacion                        5.17 kB         174 kB
├ ○ /alumnas                             4.37 kB         160 kB
├ ƒ /alumnas/[id]                        22.4 kB         199 kB
├ ƒ /alumnas/[id]/alimentacion             162 B         119 kB
├ ƒ /alumnas/[id]/pliegues                 162 B         119 kB
├ ƒ /alumnas/[id]/seguimiento              162 B         119 kB
├ ○ /animaciones                         1.64 kB         120 kB
├ ƒ /api/[...path]                         162 B         119 kB
├ ƒ /api/site-content/admin                162 B         119 kB
├ ƒ /api/site-content/admin/[locale]       162 B         119 kB
├ ƒ /api/site-content/upload               162 B         119 kB
├ ƒ /api/uploads/[...path]                 162 B         119 kB
├ ○ /asistente                           4.72 kB         123 kB
├ ○ /automatizaciones                    1.88 kB         120 kB
├ ○ /biblioteca                          3.05 kB         123 kB
├ ○ /bienvenida                          5.11 kB         157 kB
├ ○ /catalogo                            27.5 kB         180 kB
├ ○ /circunferencias                      4.7 kB         170 kB
├ ○ /cms-preview                         5.65 kB         263 kB
├ ○ /ejercicios                            162 B         119 kB
├ ○ /evaluacion-nutricional              5.88 kB         166 kB
├ ○ /gestion-alimentos                     162 B         119 kB
├ ○ /leads-chatbot                         162 B         119 kB
├ ○ /login                               4.89 kB         157 kB
├ ○ /login/recuperar                     3.51 kB         156 kB
├ ○ /login/restablecer                   3.68 kB         156 kB
├ ○ /logros                              2.85 kB         132 kB
├ ○ /mensajes                            2.01 kB         121 kB
├ ○ /mi-perfil                           17.7 kB         162 kB
├ ○ /offline                               514 B         119 kB
├ ƒ /panel                               9.76 kB         146 kB
├ ○ /progreso                              189 B         157 kB
├ ○ /progreso/imprimir                     358 B         158 kB
├ ○ /registro                            6.73 kB         159 kB
├ ○ /reunion                             3.94 kB         127 kB
├ ○ /rutina                               4.4 kB         162 kB
├ ○ /rutinas                             17.2 kB         190 kB
├ ○ /solicitud-pendiente                 4.75 kB         157 kB
├ ○ /tutoriales                          6.47 kB         158 kB
└ ○ /web-config                          15.2 kB         182 kB
+ First Load JS shared by all             119 kB
  ├ chunks/5811-8769920bce1f6893.js      49.4 kB
  ├ chunks/ce56524f-94c246099602907a.js  66.2 kB
  └ other shared chunks (total)          2.91 kB


ƒ Middleware                             33.5 kB

○  (Static)   prerendered as static content
ƒ  (Dynamic)  server-rendered on demand

